../Core/Src/main.cpp:88:5:int main()	48	static,ignoring_inline_asm
../Core/Src/main.cpp:186:6:void SystemClock_Config()	72	static
../Core/Src/main.cpp:224:13:void MX_USART2_UART_Init()	8	static
../Core/Src/main.cpp:257:13:void MX_GPIO_Init()	40	static
../Core/Src/main.cpp:306:13:void MX_ADC1_Init()	24	static
../Core/Src/main.cpp:350:6:void MX_RTC_Init()	24	static
../Core/Src/main.cpp:398:6:void Timer2_Init()	88	static
../Core/Src/main.cpp:417:6:void Error_Handler()	4	static,ignoring_inline_asm
